> Task :compileJava
> Task :copyFrontendBuild
> Task :processResources
> Task :classes
> Task :compileTestJava
> Task :processTestResources NO-SOURCE
> Task :testClasses
OpenJDK 64-Bit Server VM warning: Sharing is only supported for boot loader classes because bootstrap classpath has been appended
> Task :test

BUILD SUCCESSFUL in 5s
5 actionable tasks: 5 executed
